// Jest Snapshot v1, https://goo.gl/fbAQLP

exports[`LoginScreen Renders correctly 1`] = `<div />`;
